// Jest Snapshot v1, https://goo.gl/fbAQLP

exports[`Jumping cell game should be rendered 1`] = `
Array [
  <style
    dangerouslySetInnerHTML={
      Object {
        "__html": ".css-13wua49{border-collapse:collapse;border-width:1px;border-style:solid;border-color:#000000;}",
      }
    }
    data-emotion="css 13wua49"
  />,
  <table
    className="css-13wua49"
  >
    <tbody>
      <style
        dangerouslySetInnerHTML={
          Object {
            "__html": ".css-15usuub{border-width:1px;border-style:solid;border-color:#000000;}",
          }
        }
        data-emotion="css 15usuub"
      />
      <tr
        className="css-15usuub"
      >
        <style
          dangerouslySetInnerHTML={
            Object {
              "__html": ".css-1rdrs4s{border-width:1px;border-style:solid;border-color:#000000;text-align:center;background-color:#00008b;color:#ffffff;height:20px;width:20px;}",
            }
          }
          data-emotion="css 1rdrs4s"
        />
        <td
          className="css-1rdrs4s"
          id="id1-1"
          onClick={[Function]}
        >
          X
        </td>
        <style
          dangerouslySetInnerHTML={
            Object {
              "__html": ".css-12sve5v{border-width:1px;border-style:solid;border-color:#000000;text-align:center;background-color:#ffffff;color:#00008b;height:20px;width:20px;}",
            }
          }
          data-emotion="css 12sve5v"
        />
        <td
          className="css-12sve5v"
          id="id2-1"
          onClick={[Function]}
        >
           
        </td>
        <td
          className="css-12sve5v"
          id="id3-1"
          onClick={[Function]}
        >
           
        </td>
      </tr>
      <tr
        className="css-15usuub"
      >
        <td
          className="css-12sve5v"
          id="id1-2"
          onClick={[Function]}
        >
           
        </td>
        <td
          className="css-12sve5v"
          id="id2-2"
          onClick={[Function]}
        >
           
        </td>
        <td
          className="css-12sve5v"
          id="id3-2"
          onClick={[Function]}
        >
           
        </td>
      </tr>
      <tr
        className="css-15usuub"
      >
        <td
          className="css-12sve5v"
          id="id1-3"
          onClick={[Function]}
        >
           
        </td>
        <td
          className="css-12sve5v"
          id="id2-3"
          onClick={[Function]}
        >
           
        </td>
        <td
          className="css-12sve5v"
          id="id3-3"
          onClick={[Function]}
        >
           
        </td>
      </tr>
      <tr
        className="css-15usuub"
      >
        <td
          className="css-12sve5v"
          id="id1-4"
          onClick={[Function]}
        >
           
        </td>
        <td
          className="css-12sve5v"
          id="id2-4"
          onClick={[Function]}
        >
           
        </td>
        <td
          className="css-12sve5v"
          id="id3-4"
          onClick={[Function]}
        >
           
        </td>
      </tr>
    </tbody>
  </table>,
]
`;
