// Jest Snapshot v1, https://goo.gl/fbAQLP

exports[`Range should show min, max and current value - all props 1`] = `
Array [
  <style
    dangerouslySetInnerHTML={
      Object {
        "__html": ".css-1xita4q{display:inline-block;width:400px;height:15px;background-color:#ffffff;}",
      }
    }
    data-emotion="css 1xita4q"
  />,
  <div
    className="css-1xita4q"
  >
    <div>
      <style
        dangerouslySetInnerHTML={
          Object {
            "__html": ".css-1gle2ug{font-family:Tahoma,serif;font-style:normal;font-weight:bold;font-size:15px;line-height:18px;display:inline-block;text-align:center;width:100%;color:#00008b;background-color:#ffffff;}",
          }
        }
        data-emotion="css 1gle2ug"
      />
      <span
        className="css-1gle2ug"
      >
        5
      </span>
    </div>
    <div>
      <style
        dangerouslySetInnerHTML={
          Object {
            "__html": ".css-1g5toxl{font-family:Tahoma,serif;font-style:normal;font-weight:normal;font-size:13px;line-height:15px;color:#000000;vertical-align:top;width:10%;color:#888888;background-color:#ffffff;}",
          }
        }
        data-emotion="css 1g5toxl"
      />
      <span
        className="css-1g5toxl"
      >
        1
      </span>
      <style
        dangerouslySetInnerHTML={
          Object {
            "__html": ".css-oi2fxo{width:85%;color:#000000;background-color:#ffffff;}",
          }
        }
        data-emotion="css oi2fxo"
      />
      <input
        className="css-oi2fxo"
        max={10}
        min={1}
        onChange={[Function]}
        step={1}
        type="range"
        value={5}
      />
      <span
        className="css-1g5toxl"
      >
        10
      </span>
    </div>
  </div>,
]
`;

exports[`Range should show min, max and current value - only required props 1`] = `
Array [
  <style
    dangerouslySetInnerHTML={
      Object {
        "__html": ".css-1xita4q{display:inline-block;width:400px;height:15px;background-color:#ffffff;}",
      }
    }
    data-emotion="css 1xita4q"
  />,
  <div
    className="css-1xita4q"
  >
    <div>
      <style
        dangerouslySetInnerHTML={
          Object {
            "__html": ".css-1gle2ug{font-family:Tahoma,serif;font-style:normal;font-weight:bold;font-size:15px;line-height:18px;display:inline-block;text-align:center;width:100%;color:#00008b;background-color:#ffffff;}",
          }
        }
        data-emotion="css 1gle2ug"
      />
      <span
        className="css-1gle2ug"
      >
        5
      </span>
    </div>
    <div>
      <style
        dangerouslySetInnerHTML={
          Object {
            "__html": ".css-1g5toxl{font-family:Tahoma,serif;font-style:normal;font-weight:normal;font-size:13px;line-height:15px;color:#000000;vertical-align:top;width:10%;color:#888888;background-color:#ffffff;}",
          }
        }
        data-emotion="css 1g5toxl"
      />
      <span
        className="css-1g5toxl"
      >
        1
      </span>
      <style
        dangerouslySetInnerHTML={
          Object {
            "__html": ".css-oi2fxo{width:85%;color:#000000;background-color:#ffffff;}",
          }
        }
        data-emotion="css oi2fxo"
      />
      <input
        className="css-oi2fxo"
        max={10}
        min={1}
        onChange={[Function]}
        step={1}
        type="range"
        value={5}
      />
      <span
        className="css-1g5toxl"
      >
        10
      </span>
    </div>
  </div>,
]
`;
